---
source: tests/snapshots/css.rs
description: "<style>\n.status-indicator {\n    width: 12px;\n    height: 12px;\n    border-radius: 50%;\n    background: {% if status == \"online\" %}\n        #22c55e\n    {% else if status == \"away\" %}\n        #eab308\n    {% else if status == \"busy\" %}\n        #ef4444\n    {% else %}\n        #6b7280\n    {% endif %};\n}\n</style>\n"
---
<style>
    .status-indicator {
        width: 12px;
        height: 12px;
        border-radius: 50%;
        background: {% if status == "online" %}
                #22c55e
            {% else if status == "away" %}
                #eab308
            {% else if status == "busy" %}
                #ef4444
            {% else %}
                #6b7280
            {% endif %};
    }
</style>
