---
source: tests/snapshots/css.rs
description: "<style>\n{% for color in colors %}\n.bg-{{ color.name }} {\n    background-color: {{ color.hex }};\n    color: {{ color.text }};\n}\n{% endfor %}\n</style>\n"
---
<style>
    {% for color in colors %}
    .bg-{{ color.name }} {
        background-color: {{ color.hex }};
        color: {{ color.text }};
    }
    {% endfor %}
</style>
