---
source: tests/snapshots/css.rs
description: "<style>\n.badge { {% match size %}{% when Some with (s) %}font-size: {{ s }}px; width: {{ s * 2 }}px;{% when None %}display: none;{% endmatch %} }\n</style>\n"
---
<style>
    .badge {
        {% match size %}
            {% when Some with (s) %}font-size: {{ s }}px;width: {{ s * 2 }}px;
            {% when None %}display: none;
        {% endmatch %}
    }
</style>
