---
source: tests/snapshots/css.rs
description: "<style>\n.container {\n    {% match layout %}\n        {% when Some with (\"grid\") %}\n            display: grid;\n            grid-template-columns: repeat(3, 1fr);\n        {% when Some with (\"flex\") %}\n            display: flex;\n            flex-direction: row;\n        {% when None %}\n            display: block;\n    {% endmatch %}\n}\n</style>\n"
---
<style>
    .container {
    {% match layout %}
        {% when Some with ("grid") %}
            display: grid;
                        grid-template-columns: repeat(3, 1fr);
        {% when Some with ("flex") %}
            display: flex;
                        flex-direction: row;
        {% when None %}display: block;
    {% endmatch %}
    }
</style>
