---
source: tests/snapshots/html.rs
description: "<!DOCTYPE html>\n<html data-theme=\"dim\" lang=\"en\">\n<head>\n<script src=\"/public/htmx.min.js\"></script>\n<meta content=\"text/html;charset=utf-8\" http-equiv=\"Content-Type\" />\n<meta name=\"viewport\" content=\"width=device-width, initial-scale=1\" />\n<meta charset=\"UTF-8\" />\n<link rel=\"stylesheet\" href=\"/public/output.css\" />\n<title>\n</title>\n</head>\n<div class=\"font-fira-mono container mx-auto flex min-h-screen flex-col\">\n<main class=\"flex flex-grow\">\n</main>\n<footer class=\"sm:footer-horizontal footer-center footer text-base-content p-4\">\n<aside>\n<p>\n</p>\n</aside>\n</footer>\n</div>\n</html>\n"
---
<!DOCTYPE html>
<html data-theme="dim" lang="en">
    <head>
        <script src="/public/htmx.min.js"></script>
        <meta content="text/html;charset=utf-8" http-equiv="Content-Type" />
        <meta name="viewport" content="width=device-width, initial-scale=1" />
        <meta charset="UTF-8" />
        <link rel="stylesheet" href="/public/output.css" />
        <title></title>
    </head>
    <div class="font-fira-mono container mx-auto flex min-h-screen flex-col">
        <main class="flex flex-grow"></main>
        <footer class="sm:footer-horizontal footer-center footer text-base-content p-4">
            <aside>
                <p></p>
            </aside>
        </footer>
    </div>
</html>
