---
source: tests/snapshots/diagnostics.rs
description: "{% for item in items %}\n    <ul>\n        {% block name %}<li>{{ item }}</li>{% endblock %}\n{% endfor %}\n    </ul>\n"
---
warning: unbalanced HTML across control blocks
 --> diagnostics/crossing_for.html:2:5
  |
2 |       <ul>
  |  _____^
3 | |         {% block name %}<li>{{ item }}</li>{% endblock %}
4 | | {% endfor %}
5 | |     </ul>
  | |_________^
