---
source: tests/snapshots/diagnostics.rs
description: "{% block %}{% endblock %}\n"
---
kirei::format::syntax_error

  x failed to parse missing block name
   ,-[diagnostics/missing_block_name.html:1:9]
 1 | {% block %}{% endblock %}
   :         ^
   :         `-- block tag requires a name
   `----
