---
source: tests/snapshots/diagnostics.rs
description: "<div>\n    <foo>\n        Some text\n    </bar>\n</div>\n"
---
kirei::format::unexpected_closing_tag

  x unexpected closing tag
   ,-[diagnostics/erroneous_end_tag_multiline.html:2:6]
 1 | <div>
 2 |     <foo>
   :      ^|^
   :       `-- expected due to this open tag name
 3 |         Some text
 4 |     </bar>
   :       ^|^
   :        `-- expected `foo`, found `bar`
 5 | </div>
   `----
  help: consider using `foo`
