---
source: tests/snapshots/diagnostics.rs
description: "<div class=\"{{ color }\">something</div>\n"
---
  x syntax error in Askama code
   ,-[diagnostics/unclosed_exp_inside_attr.html:1:13]
 1 | <div class="{{ color }">something</div>
   :             ^^^^^|^^^^
   :                  `-- due to this
   `----
