---
source: tests/snapshots/diagnostics.rs
description: "<div class=\"{{ color }\">something</div>\n"
---
kirei::format::syntax_error

  x failed to parse Askama
   ,-[diagnostics/unclosed_exp_inside_attr.html:1:13]
 1 | <div class="{{ color }">something</div>
   :             ^^^^^|^^^^
   :                  `-- 
   `----
